---
http_interactions:
- request:
    method: get
    uri: http://bones-be.herokuapp.com/api/v1/dogs?page=1
    body:
      encoding: US-ASCII
      string: ''
    headers:
      User-Agent:
      - Faraday v1.8.0
      Accept-Encoding:
      - gzip;q=1.0,deflate;q=0.6,identity;q=0.3
      Accept:
      - "*/*"
  response:
    status:
      code: 200
      message: OK
    headers:
      Server:
      - Cowboy
      Date:
      - Wed, 10 Nov 2021 22:08:49 GMT
      Connection:
      - keep-alive
      Content-Type:
      - application/json; charset=utf-8
      Etag:
      - W/"8b84328f5d5873ba3a31e6dd9dad435c"
      Cache-Control:
      - max-age=0, private, must-revalidate
      X-Request-Id:
      - 112479ec-a84a-4efe-b091-f28fedc65d52
      X-Runtime:
      - '0.008322'
      Transfer-Encoding:
      - chunked
      Via:
      - 1.1 vegur
    body:
      encoding: UTF-8
      string: '{"data":[{"id":"1","type":"dog","attributes":{"name":"Delbert","size":"small","age":14,"breed":"Beagle","vaccinated":"true","sex":null,"trained":"yes","user_id":3,"description":null}},{"id":"2","type":"dog","attributes":{"name":"Delbert","size":"small","age":14,"breed":"Beagle","vaccinated":"true","sex":null,"trained":"yes","user_id":3,"description":null}},{"id":"3","type":"dog","attributes":{"name":"Delbert","size":"small","age":14,"breed":"Beagle","vaccinated":"true","sex":null,"trained":"yes","user_id":3,"description":null}},{"id":"4","type":"dog","attributes":{"name":"Edwina","size":"small","age":15,"breed":"Bull
        Mastiff","vaccinated":"true","sex":null,"trained":"yes","user_id":3,"description":null}},{"id":"5","type":"dog","attributes":{"name":"Edwina","size":"small","age":15,"breed":"Bull
        Mastiff","vaccinated":"true","sex":null,"trained":"yes","user_id":3,"description":null}},{"id":"6","type":"dog","attributes":{"name":"Edwina","size":"small","age":15,"breed":"Bull
        Mastiff","vaccinated":"true","sex":null,"trained":"yes","user_id":3,"description":null}},{"id":"7","type":"dog","attributes":{"name":"Synthia","size":"small","age":5,"breed":"Cocker
        Spaniel","vaccinated":"true","sex":null,"trained":"yes","user_id":3,"description":null}},{"id":"8","type":"dog","attributes":{"name":"Synthia","size":"small","age":5,"breed":"Cocker
        Spaniel","vaccinated":"true","sex":null,"trained":"yes","user_id":3,"description":null}},{"id":"9","type":"dog","attributes":{"name":"Synthia","size":"small","age":5,"breed":"Cocker
        Spaniel","vaccinated":"true","sex":null,"trained":"yes","user_id":3,"description":null}},{"id":"10","type":"dog","attributes":{"name":"Twana","size":"small","age":10,"breed":"Westhighland
        Terrier","vaccinated":"true","sex":null,"trained":"yes","user_id":3,"description":null}},{"id":"11","type":"dog","attributes":{"name":"Twana","size":"small","age":10,"breed":"Westhighland
        Terrier","vaccinated":"true","sex":null,"trained":"yes","user_id":3,"description":null}},{"id":"12","type":"dog","attributes":{"name":"Twana","size":"small","age":10,"breed":"Westhighland
        Terrier","vaccinated":"true","sex":null,"trained":"yes","user_id":3,"description":null}},{"id":"13","type":"dog","attributes":{"name":"Zelma","size":"small","age":12,"breed":"Bluetick","vaccinated":"true","sex":null,"trained":"yes","user_id":3,"description":null}},{"id":"14","type":"dog","attributes":{"name":"Zelma","size":"small","age":12,"breed":"Bluetick","vaccinated":"true","sex":null,"trained":"yes","user_id":3,"description":null}},{"id":"15","type":"dog","attributes":{"name":"Zelma","size":"small","age":12,"breed":"Bluetick","vaccinated":"true","sex":null,"trained":"yes","user_id":3,"description":null}},{"id":"16","type":"dog","attributes":{"name":"Orville","size":"medium","age":2,"breed":"Malinois","vaccinated":"true","sex":null,"trained":"yes","user_id":3,"description":null}},{"id":"17","type":"dog","attributes":{"name":"Orville","size":"medium","age":2,"breed":"Malinois","vaccinated":"true","sex":null,"trained":"yes","user_id":3,"description":null}},{"id":"18","type":"dog","attributes":{"name":"Orville","size":"medium","age":2,"breed":"Malinois","vaccinated":"true","sex":null,"trained":"yes","user_id":3,"description":null}},{"id":"19","type":"dog","attributes":{"name":"Neal","size":"small","age":11,"breed":"Japanese
        Spaniel","vaccinated":"true","sex":null,"trained":"yes","user_id":3,"description":null}},{"id":"20","type":"dog","attributes":{"name":"Neal","size":"small","age":11,"breed":"Japanese
        Spaniel","vaccinated":"true","sex":null,"trained":"yes","user_id":3,"description":null}}]}'
  recorded_at: Wed, 10 Nov 2021 22:08:49 GMT
- request:
    method: post
    uri: http://bones-be.herokuapp.com/api/v1/play_dates
    body:
      encoding: UTF-8
      string: '{"object":{"date":"2021-11-11","time":"05:00 AM","creator_dog_id":"20","location_id":"sadfgjh","invited_dog_id":"1"},"token":"a..z","email":"vernon@funk-fay.com"}'
    headers:
      User-Agent:
      - Faraday v1.8.0
      Content-Type:
      - application/json
      Accept-Encoding:
      - gzip;q=1.0,deflate;q=0.6,identity;q=0.3
      Accept:
      - "*/*"
  response:
    status:
      code: 204
      message: No Content
    headers:
      Server:
      - Cowboy
      Date:
      - Wed, 10 Nov 2021 22:08:48 GMT
      Content-Length:
      - '0'
      Connection:
      - keep-alive
      Cache-Control:
      - no-cache
      X-Request-Id:
      - 84d96a33-6539-4153-93f5-b97634a323f2
      X-Runtime:
      - '0.014669'
      Via:
      - 1.1 vegur
    body:
      encoding: UTF-8
      string: ''
  recorded_at: Wed, 10 Nov 2021 22:08:49 GMT
- request:
    method: get
    uri: http://bones-be.herokuapp.com/api/v1/play_dates?status=invited&user_id=9
    body:
      encoding: US-ASCII
      string: ''
    headers:
      User-Agent:
      - Faraday v1.8.0
      Accept-Encoding:
      - gzip;q=1.0,deflate;q=0.6,identity;q=0.3
      Accept:
      - "*/*"
  response:
    status:
      code: 200
      message: OK
    headers:
      Server:
      - Cowboy
      Date:
      - Wed, 10 Nov 2021 22:08:49 GMT
      Connection:
      - keep-alive
      Content-Type:
      - application/json; charset=utf-8
      Etag:
      - W/"8fe32e407a1038ee38753b70e5374b3a"
      Cache-Control:
      - max-age=0, private, must-revalidate
      X-Request-Id:
      - 23cf55f1-5973-4159-9bcd-281167f61d2a
      X-Runtime:
      - '0.005326'
      Transfer-Encoding:
      - chunked
      Via:
      - 1.1 vegur
    body:
      encoding: UTF-8
      string: '{"data":[]}'
  recorded_at: Wed, 10 Nov 2021 22:08:49 GMT
- request:
    method: get
    uri: http://bones-be.herokuapp.com/api/v1/dog_facts
    body:
      encoding: US-ASCII
      string: ''
    headers:
      User-Agent:
      - Faraday v1.8.0
      Accept-Encoding:
      - gzip;q=1.0,deflate;q=0.6,identity;q=0.3
      Accept:
      - "*/*"
  response:
    status:
      code: 200
      message: OK
    headers:
      Server:
      - Cowboy
      Date:
      - Wed, 10 Nov 2021 22:08:49 GMT
      Connection:
      - keep-alive
      Content-Type:
      - application/json; charset=utf-8
      Etag:
      - W/"e3ec432965dcf0f81c039a52a2ffca67"
      Cache-Control:
      - max-age=0, private, must-revalidate
      X-Request-Id:
      - 46e40346-1719-4287-bb9c-598e0a30e9db
      X-Runtime:
      - '0.014736'
      Transfer-Encoding:
      - chunked
      Via:
      - 1.1 vegur
    body:
      encoding: UTF-8
      string: '{"fact":"Pregnancy can be prevented by spaying the female dog, this
        involves removing both the ovaries and the uterus."}'
  recorded_at: Wed, 10 Nov 2021 22:08:49 GMT
recorded_with: VCR 6.0.0
